// Jest Snapshot v1, https://goo.gl/fbAQLP

exports[`ResourceCardSlider renders correctly 1`] = `
<div
  className="app-ResourceCardSlider"
>
  <InjectIntl(Connect(InjectT(ResourceCard)))
    date="30-07-2019"
    history={Object {}}
    isStacked={false}
    location={Object {}}
    onFavoriteClick={[MockFunction]}
    onFilterClick={[MockFunction]}
    resource={
      Object {
        "available_hours": Array [],
        "equipment": Array [],
        "id": 1,
        "is_favorite": false,
        "name": Object {
          "en": "Resource (en) - 1",
          "fi": "Resource (fi) - 1",
          "sv": "Resource (sv) - 1",
        },
        "need_manual_confirmation": false,
        "opening_hours": Array [],
        "products": Array [],
        "public": true,
        "required_reservation_extra_fields": Array [],
        "reservable": true,
        "reservable_after": null,
        "slot_size": "00:30:00",
        "supported_reservation_extra_fields": Array [],
        "unit": 1,
        "user_permissions": Object {
          "canMakeReservations": true,
          "isAdmin": false,
        },
      }
    }
    unit={
      Object {
        "id": 1,
        "location": Object {
          "coordinates": Array [
            25.01571,
            60.249935,
          ],
          "type": "Point",
        },
        "name": Object {
          "en": "Unit (en) - 1",
          "fi": "Unit (fi) - 1",
          "sv": "Unit (sv) - 1",
        },
        "opening_hours_today": Object {},
      }
    }
  />
</div>
`;
