// Jest Snapshot v1, https://goo.gl/fbAQLP

exports[`ResourceAvailability renders correctly 1`] = `<span />`;
