// Jest Snapshot v1, https://goo.gl/fbAQLP

exports[`ManageReservationsPincode renders correctly 1`] = `
<div
  className="app-ManageReservationPincode"
/>
`;
