// Jest Snapshot v1, https://goo.gl/fbAQLP

exports[`domain/reservation/modal/ReservationCancelModal renders correctly 1`] = `
<Modal
  autoFocus={true}
  backdrop={true}
  backdropClassName="modal-backdrop"
  backdropTransition={[Function]}
  containerClassName="modal-open"
  enforceFocus={true}
  keyboard={true}
  manager={
    ModalManager {
      "add": [Function],
      "containers": Array [],
      "data": Array [],
      "handleContainerOverflow": true,
      "hideSiblingNodes": true,
      "isTopModal": [Function],
      "modals": Array [],
      "remove": [Function],
    }
  }
  onEntering={[Function]}
  onExited={[Function]}
  onHide={[Function]}
  renderBackdrop={[Function]}
  restoreFocus={true}
  show={true}
  transition={[Function]}
>
  <ModalDialog
    bsClass="modal"
    className=""
    onClick={[Function]}
    style={Object {}}
  >
    <ModalHeader
      bsClass="modal-header"
      closeButton={true}
      closeLabel="Close"
    >
      <ModalTitle
        bsClass="modal-title"
        componentClass="h4"
      />
    </ModalHeader>
    <ModalBody
      bsClass="modal-body"
      componentClass="div"
    >
      <div>
        <p>
          <strong />
        </p>
        <CompactReservationList
          reservations={
            Array [
              Object {
                "begin": "2019-08-14T14:00:00+03:00",
                "comments": "",
                "end": "2019-08-14T15:00:00+03:00",
                "event_description": "",
                "event_subject": "",
                "has_catering_order": false,
                "id": 1,
                "its_own": false,
                "resource": undefined,
                "staff_event": false,
                "state": "requested",
                "url": "https://respa.koe.hel.ninja/v1/reservation/192388/",
                "user": Object {},
                "user_permissions": null,
              },
            ]
          }
          resources={
            Object {
              "undefined": Object {
                "name": "",
              },
            }
          }
        />
      </div>
    </ModalBody>
    <ModalFooter
      bsClass="modal-footer"
      componentClass="div"
    >
      <Button
        active={false}
        block={false}
        bsClass="btn"
        bsStyle="default"
        disabled={false}
        onClick={[Function]}
      />
      <Button
        active={false}
        block={false}
        bsClass="btn"
        bsStyle="danger"
        disabled={false}
        onClick={[Function]}
      />
    </ModalFooter>
  </ModalDialog>
</Modal>
`;
