// Jest Snapshot v1, https://goo.gl/fbAQLP

exports[`InfoLabel renders correctly 1`] = `
<div
  className="app-InfoLabel"
>
  <Label
    bsClass="label"
    bsStyle="success"
  >
    Success
  </Label>
</div>
`;
