// Jest Snapshot v1, https://goo.gl/fbAQLP

exports[`ManageReservationsDropdown renders correctly 1`] = `
<div
  className="app-ManageReservationDropdown"
>
  <DropdownButton
    id="app-ManageReservationDropdown"
    title="ManageReservationsList.actionsHeader"
  >
    <MenuItem
      bsClass="dropdown"
      disabled={false}
      divider={false}
      header={false}
    >
      ManageReservationsList.actionLabel.information
    </MenuItem>
    <MenuItem
      bsClass="dropdown"
      disabled={false}
      divider={false}
      header={false}
    >
      ManageReservationsList.actionLabel.edit
    </MenuItem>
  </DropdownButton>
</div>
`;
